#
# A fatal error has been detected by the Java Runtime Environment:
#
#  SIGBUS (0x7) at pc=0x00007179abc98d6f (sent by kill), pid=27209, tid=27209
#
# JRE version: OpenJDK Runtime Environment Temurin-25.0.2+10 (25.0.2+10) (build 25.0.2+10-LTS)
# Java VM: OpenJDK 64-Bit Server VM Temurin-25.0.2+10 (25.0.2+10-LTS, mixed mode, sharing, tiered, compressed oops, compressed class ptrs, g1 gc, linux-amd64)
# Problematic frame:
# C  [libc.so.6+0x98d6f]
#
# Core dump will be written. Default location: Core dumps may be processed with "/usr/lib/systemd/systemd-coredump %P %u %g %s %t 9223372036854775808 %h %d" (or dumping to /home/emilia/Escritorio/Emilia/Facultad/Sistema-de-gesti-n-digital-de-filas/SistemaGFServidor/core.27209)
#
# If you would like to submit a bug report, please visit:
#   https://github.com/adoptium/adoptium-support/issues
#

---------------  S U M M A R Y ------------

Command Line: main.Main

Host: AMD Ryzen 5 3500U with Radeon Vega Mobile Gfx, 8 cores, 5G, Linux Mint 22.3 Zena
Time: Sat May 23 22:52:23 2026 -03 elapsed time: 86.193899 seconds (0d 0h 1m 26s)

---------------  T H R E A D  ---------------

Current thread is native thread

Stack: [0x00007ffe04098000,0x00007ffe04897000],  sp=0x00007ffe048925b0,  free space=8169k
Native frames: (J=compiled Java code, j=interpreted, Vv=VM code, C=native code)
C  [libc.so.6+0x98d6f]
C  [libc.so.6+0x9e7a3]
C  [libjli.so+0xf91c]  CallJavaMainInNewThread+0x6c
C  [libjli.so+0xca7d]  ContinueInNewThread+0x5d
C  [libjli.so+0xd7bf]  JLI_Launch+0xb5f
C  [java+0x1211]  main+0x121
C  [libc.so.6+0x2a1ca]
C  [libc.so.6+0x2a28b]  __libc_start_main+0x8b

siginfo: si_signo: 7 (SIGBUS), si_code: 0 (SI_USER), si_pid: 7465, si_uid: 1000

Registers:
RAX=0x00000000000000ca, RBX=0x0000000000000000, RCX=0x00007179abc98d71, RDX=0x0000000000006a4a
RSP=0x00007ffe048925b0, RBP=0x00007ffe048925f0, RSI=0x0000000000000109, RDI=0x00007179aa3ff990
R8 =0x0000000000000000, R9 =0x00000000ffffffff, R10=0x0000000000000000, R11=0x0000000000000246
R12=0x0000000000006a4a, R13=0x0000000000000000, R14=0x00007179aa3ff990, R15=0x00007179aa3ff6c0
RIP=0x00007179abc98d6f, EFLAGS=0x0000000000000246, CSGSFS=0x002b000000000033, ERR=0x0000000000000004
  TRAPNO=0x000000000000000e

XMM[0]=0x0000000000000000 0x0000000000000000
XMM[1]=0x0000000000000000 0x0000000000000000
XMM[2]=0x00007ffe048926b0 0xbcaa1e84b0048700
XMM[3]=0x00005b189f263340 0x00007ffe04892610
XMM[4]=0x0000000000000001 0x00005b189f263340
XMM[5]=0x00007ffe048926d0 0x00005b189f263668
XMM[6]=0x00005b189f28b520 0x00007179abc8fce1
XMM[7]=0x00005b189f28b609 0x00005b189f28b608
XMM[8]=0x0000000000000000 0x0000000000002000
XMM[9]=0x0000000000000000 0x0000000000000000
XMM[10]=0x3f3f3f3f3f3f3f3f 0x3f3f3f3f3f3f3f3f
XMM[11]=0x9999999999999999 0x9999999999999999
XMM[12]=0x2020202020202020 0x2020202020202020
XMM[13]=0x0000000000000000 0x0000000000000000
XMM[14]=0x0000000000000000 0x0000000000000000
XMM[15]=0x0000000000000000 0x0000000000000000
  MXCSR=0x00001f80


Top of Stack: (sp=0x00007ffe048925b0)
0x00007ffe048925b0:   0000000000000000 0000000000000000   ................
0x00007ffe048925c0:   00007179aa3ff990 00000109b0048700   ..?.yq..........
0x00007ffe048925d0:   00007ffe048926b0 0000000000000000   .&..............
0x00007ffe048925e0:   0000000000000000 00007ffe04892688   .........&......
0x00007ffe048925f0:   00007ffe04892670 00007179abc9e7a3   p&..........yq..
0x00007ffe04892600:   00007ffe048926d0 00007ffe04892610   .&.......&......
0x00007ffe04892610:   00007179abc9e650 00007179aa3ffce0   P...yq....?.yq..
0x00007ffe04892620:   00005b189f28b609 0000000000000000   ..(..[..........
0x00007ffe04892630:   00005b1800000002 bcaa1e84b0048700   .....[..........
0x00007ffe04892640:   0000000000000003 00007ffe04892690   .........&......
0x00007ffe04892650:   0000000000100000 00007ffe04892710   .........'......
0x00007ffe04892660:   0000000000000001 00005b189f263670   ........p6&..[..
0x00007ffe04892670:   00007ffe048926f0 00007179abf8d91c   .&..........yq..
0x00007ffe04892680:   00007179aa3ff6c0 0000000000000000   ..?.yq..........
0x00007ffe04892690:   0000000000000000 0000000000000000   ................
0x00007ffe048926a0:   0000000000000000 0000000000000000   ................
0x00007ffe048926b0:   0000000000100000 0000000000000000   ................
0x00007ffe048926c0:   0000000000000000 bcaa1e84b0048700   ................
0x00007ffe048926d0:   0000000000000000 00007ffe04892810   .........(......
0x00007ffe048926e0:   00005b189f263420 0000000000000000    4&..[..........
0x00007ffe048926f0:   00007ffe048927a0 00007179abf8aa7d   .'......}...yq..
0x00007ffe04892700:   0000000000000001 00007ffe04892710   .........'......
0x00007ffe04892710:   0000000000000000 00005b189f263670   ........p6&..[..
0x00007ffe04892720:   0000000000000001 00005b189f263420   ........ 4&..[..
0x00007ffe04892730:   00007179aaee1ea0 00007179aaee1e60   ....yq..`...yq..
0x00007ffe04892740:   00007179aaee2120 0000000000000000    !..yq..........
0x00007ffe04892750:   0000000000000000 0000000000000000   ................
0x00007ffe04892760:   0000000000000000 0000000000000000   ................
0x00007ffe04892770:   00007ffe048927b0 00005b189f263420   .'...... 4&..[..
0x00007ffe04892780:   0000000000000000 00005b189f263420   ........ 4&..[..
0x00007ffe04892790:   0000000000000000 00005b189f263670   ........p6&..[..
0x00007ffe048927a0:   00007ffe04896900 00007179abf8b7bf   .i..........yq..

Instructions: (pc=0x00007179abc98d6f)
  0x00007179abc98c6f:   7d ff ff 66 0f 1f 44 00 00 b8 16 00 00 00 c3 66
  0x00007179abc98c7f:   90 48 83 39 00 79 88 b8 6e 00 00 00 c3 0f 1f 40
  0x00007179abc98c8f:   00 f3 0f 1e fa 55 48 89 e5 41 55 41 54 41 89 f4
  0x00007179abc98c9f:   53 48 83 ec 28 48 85 c9 0f 85 db 00 00 00 83 fa
  0x00007179abc98caf:   01 77 5e c1 e2 08 89 d6 81 f6 00 01 00 00 40 80
  0x00007179abc98cbf:   ce 89 44 31 c6 80 3d 75 23 17 00 00 74 73 41 b9
  0x00007179abc98ccf:   ff ff ff ff 45 31 c0 49 89 ca 44 89 e2 b8 ca 00
  0x00007179abc98cdf:   00 00 0f 05 48 89 c3 89 d8 85 db 7f 3e 83 fb ea
  0x00007179abc98cef:   7c 2f 83 c3 16 ba 01 08 44 00 48 0f a3 da 73 2b
  0x00007179abc98cff:   f7 d8 48 83 c4 28 5b 41 5c 41 5d 5d c3 0f 1f 40
  0x00007179abc98d0f:   00 48 83 c4 28 b8 16 00 00 00 5b 41 5c 41 5d 5d
  0x00007179abc98d1f:   c3 83 fb 92 74 da 83 fb b5 74 d5 48 8d 3d c7 82
  0x00007179abc98d2f:   13 00 e8 0a 7d ff ff 66 2e 0f 1f 84 00 00 00 00
  0x00007179abc98d3f:   00 48 89 7d d0 89 75 dc 48 89 4d c8 e8 00 f8 ff
  0x00007179abc98d4f:   ff 4c 8b 55 c8 8b 75 dc 45 31 c0 41 89 c5 48 8b
  0x00007179abc98d5f:   7d d0 41 b9 ff ff ff ff 44 89 e2 b8 ca 00 00 00
=>0x00007179abc98d6f:   0f 05 44 89 ef 48 89 c3 e8 54 f8 ff ff e9 65 ff
  0x00007179abc98d7f:   ff ff 0f 1f 80 00 00 00 00 48 83 39 00 0f 89 1b
  0x00007179abc98d8f:   ff ff ff b8 6e 00 00 00 e9 65 ff ff ff 0f 1f 40
  0x00007179abc98d9f:   00 f3 0f 1e fa 89 f0 89 ce 49 89 d2 40 80 f6 86
  0x00007179abc98daf:   85 c0 74 09 80 f1 8d 48 85 d2 0f 45 f1 31 d2 b8
  0x00007179abc98dbf:   ca 00 00 00 0f 05 83 f8 da 74 26 83 f8 92 74 18
  0x00007179abc98dcf:   8d 50 23 83 fa 23 77 1f 48 b9 01 20 00 81 09 00
  0x00007179abc98ddf:   00 00 48 0f a3 d1 73 0f f7 d8 c3 66 0f 1f 44 00
  0x00007179abc98def:   00 b8 16 00 00 00 c3 55 48 8d 3d fa 81 13 00 48
  0x00007179abc98dff:   89 e5 e8 3a 7c ff ff 66 2e 0f 1f 84 00 00 00 00
  0x00007179abc98e0f:   00 f3 0f 1e fa 64 48 8b 04 25 10 00 00 00 64 48
  0x00007179abc98e1f:   8b 14 25 f8 02 00 00 48 89 57 18 48 8d 90 08 03
  0x00007179abc98e2f:   00 00 8b 80 08 03 00 00 a8 02 75 15 d1 f8 83 e0
  0x00007179abc98e3f:   01 89 47 10 64 48 89 3c 25 f8 02 00 00 c3 0f 1f
  0x00007179abc98e4f:   00 89 c1 83 e1 fd f0 0f b1 0a 74 e0 eb f3 0f 1f
  0x00007179abc98e5f:   00 f3 0f 1e fa 64 48 8b 14 25 10 00 00 00 48 8b



---------------  P R O C E S S  ---------------

VM state: not at safepoint (normal execution)

VM Mutex/Monitor currently owned by a thread: None

Heap address: 0x00000000a5600000, size: 1450 MB, Compressed Oops mode: 32-bit

CDS archive(s) mapped at: [0x0000000030000000-0x0000000030d8d000-0x0000000030d8d000), size 14209024, SharedBaseAddress: 0x0000000030000000, ArchiveRelocationMode: 1.
Compressed class space mapped at: 0x0000000031000000-0x0000000071000000, reserved size: 1073741824
UseCompressedClassPointers 1, UseCompactObjectHeaders 0
Narrow klass pointer bits 32, Max shift 3
Narrow klass base: 0x0000000030000000, Narrow klass shift: 0
Encoding Range: [0x0000000030000000 - 0x0000000130000000), (4294967296 bytes)
Klass Range:    [0x0000000030001000 - 0x0000000071000000), (1090514944 bytes)
Klass ID Range:  [4096 - 1090519033) (1090514937)
Protection zone: [0x0000000030000000 - 0x0000000030001000), (4096 bytes)

GC Precious Log:
<Skipped>

Heap:
 garbage-first heap   total reserved 1484800K, committed 96256K, used 7300K [0x00000000a5600000, 0x0000000100000000)
  region size 1024K, 6 young (6144K), 0 survivors (0K)

Heap Regions: E=young(eden), S=young(survivor), O=old, HS=humongous(starts), HC=humongous(continues), CS=collection set, F=free, TAMS=top-at-mark-start, PB=parsable bottom
|   0|0x00000000a5600000, 0x00000000a5600000, 0x00000000a5700000|  0%| F|  |TAMS 0x00000000a5600000| PB 0x00000000a5600000| Untracked |  0
|   1|0x00000000a5700000, 0x00000000a5700000, 0x00000000a5800000|  0%| F|  |TAMS 0x00000000a5700000| PB 0x00000000a5700000| Untracked |  0
|   2|0x00000000a5800000, 0x00000000a5800000, 0x00000000a5900000|  0%| F|  |TAMS 0x00000000a5800000| PB 0x00000000a5800000| Untracked |  0
|   3|0x00000000a5900000, 0x00000000a5900000, 0x00000000a5a00000|  0%| F|  |TAMS 0x00000000a5900000| PB 0x00000000a5900000| Untracked |  0
|   4|0x00000000a5a00000, 0x00000000a5a00000, 0x00000000a5b00000|  0%| F|  |TAMS 0x00000000a5a00000| PB 0x00000000a5a00000| Untracked |  0
|   5|0x00000000a5b00000, 0x00000000a5b00000, 0x00000000a5c00000|  0%| F|  |TAMS 0x00000000a5b00000| PB 0x00000000a5b00000| Untracked |  0
|   6|0x00000000a5c00000, 0x00000000a5c00000, 0x00000000a5d00000|  0%| F|  |TAMS 0x00000000a5c00000| PB 0x00000000a5c00000| Untracked |  0
|   7|0x00000000a5d00000, 0x00000000a5d00000, 0x00000000a5e00000|  0%| F|  |TAMS 0x00000000a5d00000| PB 0x00000000a5d00000| Untracked |  0
|   8|0x00000000a5e00000, 0x00000000a5e00000, 0x00000000a5f00000|  0%| F|  |TAMS 0x00000000a5e00000| PB 0x00000000a5e00000| Untracked |  0
|   9|0x00000000a5f00000, 0x00000000a5f00000, 0x00000000a6000000|  0%| F|  |TAMS 0x00000000a5f00000| PB 0x00000000a5f00000| Untracked |  0
|  10|0x00000000a6000000, 0x00000000a6000000, 0x00000000a6100000|  0%| F|  |TAMS 0x00000000a6000000| PB 0x00000000a6000000| Untracked |  0
|  11|0x00000000a6100000, 0x00000000a6100000, 0x00000000a6200000|  0%| F|  |TAMS 0x00000000a6100000| PB 0x00000000a6100000| Untracked |  0
|  12|0x00000000a6200000, 0x00000000a6200000, 0x00000000a6300000|  0%| F|  |TAMS 0x00000000a6200000| PB 0x00000000a6200000| Untracked |  0
|  13|0x00000000a6300000, 0x00000000a6300000, 0x00000000a6400000|  0%| F|  |TAMS 0x00000000a6300000| PB 0x00000000a6300000| Untracked |  0
|  14|0x00000000a6400000, 0x00000000a6400000, 0x00000000a6500000|  0%| F|  |TAMS 0x00000000a6400000| PB 0x00000000a6400000| Untracked |  0
|  15|0x00000000a6500000, 0x00000000a6500000, 0x00000000a6600000|  0%| F|  |TAMS 0x00000000a6500000| PB 0x00000000a6500000| Untracked |  0
|  16|0x00000000a6600000, 0x00000000a6600000, 0x00000000a6700000|  0%| F|  |TAMS 0x00000000a6600000| PB 0x00000000a6600000| Untracked |  0
|  17|0x00000000a6700000, 0x00000000a6700000, 0x00000000a6800000|  0%| F|  |TAMS 0x00000000a6700000| PB 0x00000000a6700000| Untracked |  0
|  18|0x00000000a6800000, 0x00000000a6800000, 0x00000000a6900000|  0%| F|  |TAMS 0x00000000a6800000| PB 0x00000000a6800000| Untracked |  0
|  19|0x00000000a6900000, 0x00000000a6900000, 0x00000000a6a00000|  0%| F|  |TAMS 0x00000000a6900000| PB 0x00000000a6900000| Untracked |  0
|  20|0x00000000a6a00000, 0x00000000a6a00000, 0x00000000a6b00000|  0%| F|  |TAMS 0x00000000a6a00000| PB 0x00000000a6a00000| Untracked |  0
|  21|0x00000000a6b00000, 0x00000000a6b00000, 0x00000000a6c00000|  0%| F|  |TAMS 0x00000000a6b00000| PB 0x00000000a6b00000| Untracked |  0
|  22|0x00000000a6c00000, 0x00000000a6c00000, 0x00000000a6d00000|  0%| F|  |TAMS 0x00000000a6c00000| PB 0x00000000a6c00000| Untracked |  0
|  23|0x00000000a6d00000, 0x00000000a6d00000, 0x00000000a6e00000|  0%| F|  |TAMS 0x00000000a6d00000| PB 0x00000000a6d00000| Untracked |  0
|  24|0x00000000a6e00000, 0x00000000a6e00000, 0x00000000a6f00000|  0%| F|  |TAMS 0x00000000a6e00000| PB 0x00000000a6e00000| Untracked |  0
|  25|0x00000000a6f00000, 0x00000000a6f00000, 0x00000000a7000000|  0%| F|  |TAMS 0x00000000a6f00000| PB 0x00000000a6f00000| Untracked |  0
|  26|0x00000000a7000000, 0x00000000a7000000, 0x00000000a7100000|  0%| F|  |TAMS 0x00000000a7000000| PB 0x00000000a7000000| Untracked |  0
|  27|0x00000000a7100000, 0x00000000a7100000, 0x00000000a7200000|  0%| F|  |TAMS 0x00000000a7100000| PB 0x00000000a7100000| Untracked |  0
|  28|0x00000000a7200000, 0x00000000a7200000, 0x00000000a7300000|  0%| F|  |TAMS 0x00000000a7200000| PB 0x00000000a7200000| Untracked |  0
|  29|0x00000000a7300000, 0x00000000a7300000, 0x00000000a7400000|  0%| F|  |TAMS 0x00000000a7300000| PB 0x00000000a7300000| Untracked |  0
|  30|0x00000000a7400000, 0x00000000a7400000, 0x00000000a7500000|  0%| F|  |TAMS 0x00000000a7400000| PB 0x00000000a7400000| Untracked |  0
|  31|0x00000000a7500000, 0x00000000a7500000, 0x00000000a7600000|  0%| F|  |TAMS 0x00000000a7500000| PB 0x00000000a7500000| Untracked |  0
|  32|0x00000000a7600000, 0x00000000a7600000, 0x00000000a7700000|  0%| F|  |TAMS 0x00000000a7600000| PB 0x00000000a7600000| Untracked |  0
|  33|0x00000000a7700000, 0x00000000a7700000, 0x00000000a7800000|  0%| F|  |TAMS 0x00000000a7700000| PB 0x00000000a7700000| Untracked |  0
|  34|0x00000000a7800000, 0x00000000a7800000, 0x00000000a7900000|  0%| F|  |TAMS 0x00000000a7800000| PB 0x00000000a7800000| Untracked |  0
|  35|0x00000000a7900000, 0x00000000a7900000, 0x00000000a7a00000|  0%| F|  |TAMS 0x00000000a7900000| PB 0x00000000a7900000| Untracked |  0
|  36|0x00000000a7a00000, 0x00000000a7a00000, 0x00000000a7b00000|  0%| F|  |TAMS 0x00000000a7a00000| PB 0x00000000a7a00000| Untracked |  0
|  37|0x00000000a7b00000, 0x00000000a7b00000, 0x00000000a7c00000|  0%| F|  |TAMS 0x00000000a7b00000| PB 0x00000000a7b00000| Untracked |  0
|  38|0x00000000a7c00000, 0x00000000a7c00000, 0x00000000a7d00000|  0%| F|  |TAMS 0x00000000a7c00000| PB 0x00000000a7c00000| Untracked |  0
|  39|0x00000000a7d00000, 0x00000000a7d00000, 0x00000000a7e00000|  0%| F|  |TAMS 0x00000000a7d00000| PB 0x00000000a7d00000| Untracked |  0
|  40|0x00000000a7e00000, 0x00000000a7e00000, 0x00000000a7f00000|  0%| F|  |TAMS 0x00000000a7e00000| PB 0x00000000a7e00000| Untracked |  0
|  41|0x00000000a7f00000, 0x00000000a7f00000, 0x00000000a8000000|  0%| F|  |TAMS 0x00000000a7f00000| PB 0x00000000a7f00000| Untracked |  0
|  42|0x00000000a8000000, 0x00000000a8000000, 0x00000000a8100000|  0%| F|  |TAMS 0x00000000a8000000| PB 0x00000000a8000000| Untracked |  0
|  43|0x00000000a8100000, 0x00000000a8100000, 0x00000000a8200000|  0%| F|  |TAMS 0x00000000a8100000| PB 0x00000000a8100000| Untracked |  0
|  44|0x00000000a8200000, 0x00000000a8200000, 0x00000000a8300000|  0%| F|  |TAMS 0x00000000a8200000| PB 0x00000000a8200000| Untracked |  0
|  45|0x00000000a8300000, 0x00000000a8300000, 0x00000000a8400000|  0%| F|  |TAMS 0x00000000a8300000| PB 0x00000000a8300000| Untracked |  0
|  46|0x00000000a8400000, 0x00000000a8400000, 0x00000000a8500000|  0%| F|  |TAMS 0x00000000a8400000| PB 0x00000000a8400000| Untracked |  0
|  47|0x00000000a8500000, 0x00000000a8500000, 0x00000000a8600000|  0%| F|  |TAMS 0x00000000a8500000| PB 0x00000000a8500000| Untracked |  0
|  48|0x00000000a8600000, 0x00000000a8600000, 0x00000000a8700000|  0%| F|  |TAMS 0x00000000a8600000| PB 0x00000000a8600000| Untracked |  0
|  49|0x00000000a8700000, 0x00000000a8700000, 0x00000000a8800000|  0%| F|  |TAMS 0x00000000a8700000| PB 0x00000000a8700000| Untracked |  0
|  50|0x00000000a8800000, 0x00000000a8800000, 0x00000000a8900000|  0%| F|  |TAMS 0x00000000a8800000| PB 0x00000000a8800000| Untracked |  0
|  51|0x00000000a8900000, 0x00000000a8900000, 0x00000000a8a00000|  0%| F|  |TAMS 0x00000000a8900000| PB 0x00000000a8900000| Untracked |  0
|  52|0x00000000a8a00000, 0x00000000a8a00000, 0x00000000a8b00000|  0%| F|  |TAMS 0x00000000a8a00000| PB 0x00000000a8a00000| Untracked |  0
|  53|0x00000000a8b00000, 0x00000000a8b00000, 0x00000000a8c00000|  0%| F|  |TAMS 0x00000000a8b00000| PB 0x00000000a8b00000| Untracked |  0
|  54|0x00000000a8c00000, 0x00000000a8c00000, 0x00000000a8d00000|  0%| F|  |TAMS 0x00000000a8c00000| PB 0x00000000a8c00000| Untracked |  0
|  55|0x00000000a8d00000, 0x00000000a8d00000, 0x00000000a8e00000|  0%| F|  |TAMS 0x00000000a8d00000| PB 0x00000000a8d00000| Untracked |  0
|  56|0x00000000a8e00000, 0x00000000a8e00000, 0x00000000a8f00000|  0%| F|  |TAMS 0x00000000a8e00000| PB 0x00000000a8e00000| Untracked |  0
|  57|0x00000000a8f00000, 0x00000000a8f00000, 0x00000000a9000000|  0%| F|  |TAMS 0x00000000a8f00000| PB 0x00000000a8f00000| Untracked |  0
|  58|0x00000000a9000000, 0x00000000a9000000, 0x00000000a9100000|  0%| F|  |TAMS 0x00000000a9000000| PB 0x00000000a9000000| Untracked |  0
|  59|0x00000000a9100000, 0x00000000a9100000, 0x00000000a9200000|  0%| F|  |TAMS 0x00000000a9100000| PB 0x00000000a9100000| Untracked |  0
|  60|0x00000000a9200000, 0x00000000a9200000, 0x00000000a9300000|  0%| F|  |TAMS 0x00000000a9200000| PB 0x00000000a9200000| Untracked |  0
|  61|0x00000000a9300000, 0x00000000a9300000, 0x00000000a9400000|  0%| F|  |TAMS 0x00000000a9300000| PB 0x00000000a9300000| Untracked |  0
|  62|0x00000000a9400000, 0x00000000a9400000, 0x00000000a9500000|  0%| F|  |TAMS 0x00000000a9400000| PB 0x00000000a9400000| Untracked |  0
|  63|0x00000000a9500000, 0x00000000a9500000, 0x00000000a9600000|  0%| F|  |TAMS 0x00000000a9500000| PB 0x00000000a9500000| Untracked |  0
|  64|0x00000000a9600000, 0x00000000a9600000, 0x00000000a9700000|  0%| F|  |TAMS 0x00000000a9600000| PB 0x00000000a9600000| Untracked |  0
|  65|0x00000000a9700000, 0x00000000a9700000, 0x00000000a9800000|  0%| F|  |TAMS 0x00000000a9700000| PB 0x00000000a9700000| Untracked |  0
|  66|0x00000000a9800000, 0x00000000a9800000, 0x00000000a9900000|  0%| F|  |TAMS 0x00000000a9800000| PB 0x00000000a9800000| Untracked |  0
|  67|0x00000000a9900000, 0x00000000a9900000, 0x00000000a9a00000|  0%| F|  |TAMS 0x00000000a9900000| PB 0x00000000a9900000| Untracked |  0
|  68|0x00000000a9a00000, 0x00000000a9a00000, 0x00000000a9b00000|  0%| F|  |TAMS 0x00000000a9a00000| PB 0x00000000a9a00000| Untracked |  0
|  69|0x00000000a9b00000, 0x00000000a9b00000, 0x00000000a9c00000|  0%| F|  |TAMS 0x00000000a9b00000| PB 0x00000000a9b00000| Untracked |  0
|  70|0x00000000a9c00000, 0x00000000a9c00000, 0x00000000a9d00000|  0%| F|  |TAMS 0x00000000a9c00000| PB 0x00000000a9c00000| Untracked |  0
|  71|0x00000000a9d00000, 0x00000000a9d00000, 0x00000000a9e00000|  0%| F|  |TAMS 0x00000000a9d00000| PB 0x00000000a9d00000| Untracked |  0
|  72|0x00000000a9e00000, 0x00000000a9e00000, 0x00000000a9f00000|  0%| F|  |TAMS 0x00000000a9e00000| PB 0x00000000a9e00000| Untracked |  0
|  73|0x00000000a9f00000, 0x00000000a9f00000, 0x00000000aa000000|  0%| F|  |TAMS 0x00000000a9f00000| PB 0x00000000a9f00000| Untracked |  0
|  74|0x00000000aa000000, 0x00000000aa000000, 0x00000000aa100000|  0%| F|  |TAMS 0x00000000aa000000| PB 0x00000000aa000000| Untracked |  0
|  75|0x00000000aa100000, 0x00000000aa100000, 0x00000000aa200000|  0%| F|  |TAMS 0x00000000aa100000| PB 0x00000000aa100000| Untracked |  0
|  76|0x00000000aa200000, 0x00000000aa200000, 0x00000000aa300000|  0%| F|  |TAMS 0x00000000aa200000| PB 0x00000000aa200000| Untracked |  0
|  77|0x00000000aa300000, 0x00000000aa300000, 0x00000000aa400000|  0%| F|  |TAMS 0x00000000aa300000| PB 0x00000000aa300000| Untracked |  0
|  78|0x00000000aa400000, 0x00000000aa400000, 0x00000000aa500000|  0%| F|  |TAMS 0x00000000aa400000| PB 0x00000000aa400000| Untracked |  0
|  79|0x00000000aa500000, 0x00000000aa500000, 0x00000000aa600000|  0%| F|  |TAMS 0x00000000aa500000| PB 0x00000000aa500000| Untracked |  0
|  80|0x00000000aa600000, 0x00000000aa600000, 0x00000000aa700000|  0%| F|  |TAMS 0x00000000aa600000| PB 0x00000000aa600000| Untracked |  0
|  81|0x00000000aa700000, 0x00000000aa700000, 0x00000000aa800000|  0%| F|  |TAMS 0x00000000aa700000| PB 0x00000000aa700000| Untracked |  0
|  82|0x00000000aa800000, 0x00000000aa800000, 0x00000000aa900000|  0%| F|  |TAMS 0x00000000aa800000| PB 0x00000000aa800000| Untracked |  0
|  83|0x00000000aa900000, 0x00000000aa900000, 0x00000000aaa00000|  0%| F|  |TAMS 0x00000000aa900000| PB 0x00000000aa900000| Untracked |  0
|  84|0x00000000aaa00000, 0x00000000aaa00000, 0x00000000aab00000|  0%| F|  |TAMS 0x00000000aaa00000| PB 0x00000000aaa00000| Untracked |  0
|  85|0x00000000aab00000, 0x00000000aab00000, 0x00000000aac00000|  0%| F|  |TAMS 0x00000000aab00000| PB 0x00000000aab00000| Untracked |  0
|  86|0x00000000aac00000, 0x00000000aad00000, 0x00000000aad00000|100%| E|  |TAMS 0x00000000aac00000| PB 0x00000000aac00000| Complete |  0
|  87|0x00000000aad00000, 0x00000000aae00000, 0x00000000aae00000|100%| E|CS|TAMS 0x00000000aad00000| PB 0x00000000aad00000| Complete |  0
|  88|0x00000000aae00000, 0x00000000aaf00000, 0x00000000aaf00000|100%| E|CS|TAMS 0x00000000aae00000| PB 0x00000000aae00000| Complete |  0
|  89|0x00000000aaf00000, 0x00000000ab000000, 0x00000000ab000000|100%| E|CS|TAMS 0x00000000aaf00000| PB 0x00000000aaf00000| Complete |  0
|  90|0x00000000ab000000, 0x00000000ab100000, 0x00000000ab100000|100%| E|CS|TAMS 0x00000000ab000000| PB 0x00000000ab000000| Complete |  0
|  91|0x00000000ab100000, 0x00000000ab200000, 0x00000000ab200000|100%| E|CS|TAMS 0x00000000ab100000| PB 0x00000000ab100000| Complete |  0
|1448|0x00000000ffe00000, 0x00000000fff00000, 0x00000000fff00000|100%| O|  |TAMS 0x00000000ffe00000| PB 0x00000000ffe00000| Untracked |  0
|1449|0x00000000fff00000, 0x00000000fff21008, 0x0000000100000000| 12%| O|  |TAMS 0x00000000fff00000| PB 0x00000000fff00000| Untracked |  0

Card table byte_map: [0x00007179a9378000,0x00007179a964d000] _byte_map_base: 0x00007179a8e4d000

Marking Bits: (CMBitMap*) 0x00007179a4075ad0
 Bits: [0x000071798ad58000, 0x000071798c400000)

Polling page: 0x00007179abf7b000

Metaspace:
Metaspace        used 1255K, committed 1408K, reserved 1114112K
 class space     used 111K, committed 192K, reserved 1048576K

Usage:
  Non-class:      1,12 MB used.
      Class:    111,73 KB used.
       Both:      1,23 MB used.

Virtual space:
  Non-class space:       64,00 MB reserved,       1,19 MB (  2%) committed,  1 nodes.
      Class space:        1,00 GB reserved,     192,00 KB ( <1%) committed,  1 nodes.
             Both:        1,06 GB reserved,       1,38 MB ( <1%) committed. 

Chunk freelists:
   Non-Class:  11,94 MB
       Class:  15,73 MB
        Both:  27,67 MB

MaxMetaspaceSize: unlimited
CompressedClassSpaceSize: 1,00 GB
Initial GC threshold: 21,00 MB
Current GC threshold: 21,00 MB
CDS: on
 - commit_granule_bytes: 65536.
 - commit_granule_words: 8192.
 - virtual_space_node_default_size: 8388608.
 - enlarge_chunks_in_place: 1.
UseCompressedClassPointers 1, UseCompactObjectHeaders 0
Narrow klass pointer bits 32, Max shift 3
Narrow klass base: 0x0000000030000000, Narrow klass shift: 0
Encoding Range: [0x0000000030000000 - 0x0000000130000000), (4294967296 bytes)
Klass Range:    [0x0000000030001000 - 0x0000000071000000), (1090514944 bytes)
Klass ID Range:  [4096 - 1090519033) (1090514937)
Protection zone: [0x0000000030000000 - 0x0000000030001000), (4096 bytes)


Internal statistics:

num_allocs_failed_limit: 0.
num_arena_births: 24.
num_arena_deaths: 0.
num_vsnodes_births: 2.
num_vsnodes_deaths: 0.
num_space_committed: 22.
num_space_uncommitted: 0.
num_chunks_returned_to_freelist: 0.
num_chunks_taken_from_freelist: 33.
num_chunk_merges: 0.
num_chunk_splits: 22.
num_chunks_enlarged: 9.
num_inconsistent_stats: 0.

CodeHeap 'non-profiled nmethods': size=120032Kb used=73Kb max_used=73Kb free=119958Kb
 bounds [0x0000717993ec8000, 0x0000717994138000, 0x000071799b400000]
CodeHeap 'profiled nmethods': size=120028Kb used=155Kb max_used=155Kb free=119872Kb
 bounds [0x000071798c400000, 0x000071798c670000, 0x0000717993937000]
CodeHeap 'non-nmethods': size=5700Kb used=1369Kb max_used=1382Kb free=4330Kb
 bounds [0x0000717993937000, 0x0000717993ba7000, 0x0000717993ec8000]
CodeCache: size=245760Kb, used=1597Kb, max_used=1610Kb, free=244160Kb
 total_blobs=650, nmethods=202, adapters=353, full_count=0
Compilation: enabled, stopped_count=0, restarted_count=0

Compilation events (20 events):
Event: 0,411 Thread 0x00007179a4104ed0  189       3       java.lang.String::indexOf (41 bytes)
Event: 0,412 Thread 0x00007179a4104ed0 nmethod 189 0x000071798c425588 code [0x000071798c425680, 0x000071798c425cc0]
Event: 3,421 Thread 0x00007179a4104ed0  190       1       java.nio.Buffer::position (5 bytes)
Event: 3,421 Thread 0x00007179a4104ed0 nmethod 190 0x0000717993ed8b08 code [0x0000717993ed8c00, 0x0000717993ed8cc0]
Event: 33,426 Thread 0x00007179a4104ed0  192       3       java.nio.Buffer::position (52 bytes)
Event: 33,427 Thread 0x00007179a4104ed0 nmethod 192 0x000071798c425d08 code [0x000071798c425e00, 0x000071798c426040]
Event: 36,427 Thread 0x00007179a4104ed0  193       1       java.nio.Buffer::capacity (5 bytes)
Event: 36,427 Thread 0x00007179a4104ed0 nmethod 193 0x0000717993ed9108 code [0x0000717993ed9200, 0x0000717993ed92c0]
Event: 39,427 Thread 0x00007179a4104ed0  194       3       java.lang.String::checkBoundsOffCount (10 bytes)
Event: 39,428 Thread 0x00007179a4104ed0 nmethod 194 0x000071798c426088 code [0x000071798c426180, 0x000071798c426378]
Event: 57,430 Thread 0x00007179a4104ed0  197       3       java.lang.StringUTF16::compress (47 bytes)
Event: 57,431 Thread 0x00007179a4104ed0 nmethod 197 0x000071798c426388 code [0x000071798c426480, 0x000071798c4266b0]
Event: 63,432 Thread 0x00007179a4104ed0  199       1       java.util.concurrent.locks.AbstractOwnableSynchronizer::setExclusiveOwnerThread (6 bytes)
Event: 63,432 Thread 0x00007179a4104ed0 nmethod 199 0x0000717993ed9e88 code [0x0000717993ed9f80, 0x0000717993eda088]
Event: 69,433 Thread 0x00007179a4104ed0  200       3       java.nio.ByteBuffer::position (8 bytes)
Event: 69,433 Thread 0x00007179a41034e0  201       4       java.nio.DirectByteBuffer::ix (10 bytes)
Event: 69,434 Thread 0x00007179a4104ed0 nmethod 200 0x000071798c426708 code [0x000071798c426800, 0x000071798c426948]
Event: 69,434 Thread 0x00007179a41034e0 nmethod 201 0x0000717993eda188 code [0x0000717993eda280, 0x0000717993eda300]
Event: 72,435 Thread 0x00007179a4104ed0  202       3       java.nio.ByteBuffer::arrayOffset (35 bytes)
Event: 72,435 Thread 0x00007179a4104ed0 nmethod 202 0x000071798c426a08 code [0x000071798c426b00, 0x000071798c426d60]

GC Heap Usage History (0 events):
No events

Metaspace Usage History (0 events):
No events

Dll operation events (7 events):
Event: 0,004 Loaded shared library /usr/lib/apache-netbeans/jdk/lib/libjava.so
Event: 0,033 Loaded shared library /usr/lib/apache-netbeans/jdk/lib/libsimdsort.so
Event: 0,061 Loaded shared library /usr/lib/apache-netbeans/jdk/lib/libnio.so
Event: 0,084 Loaded shared library /usr/lib/apache-netbeans/jdk/lib/libjimage.so
Event: 0,094 Loaded shared library /usr/lib/apache-netbeans/jdk/lib/libzip.so
Event: 0,100 Loaded shared library /usr/lib/apache-netbeans/jdk/lib/libnet.so
Event: 0,132 Loaded shared library /usr/lib/apache-netbeans/jdk/lib/libextnet.so

Deoptimization events (0 events):
No events

Classes loaded (20 events):
Event: 0,411 Loading class java/net/Socket$SocketInputStream
Event: 0,411 Loading class java/net/Socket$SocketInputStream done
Event: 0,412 Loading class sun/nio/ch/NioSocketImpl$1
Event: 0,412 Loading class sun/nio/ch/NioSocketImpl$1 done
Event: 0,412 Loading class sun/nio/cs/StreamDecoder
Event: 0,412 Loading class sun/nio/cs/StreamDecoder done
Event: 0,413 Loading class sun/nio/cs/UTF_8$Decoder
Event: 0,413 Loading class java/nio/charset/CharsetDecoder
Event: 0,413 Loading class java/nio/charset/CharsetDecoder done
Event: 0,413 Loading class sun/nio/cs/UTF_8$Decoder done
Event: 0,413 Loading class java/io/PrintWriter
Event: 0,413 Loading class java/io/PrintWriter done
Event: 0,414 Loading class java/net/Socket$SocketOutputStream
Event: 0,414 Loading class java/net/Socket$SocketOutputStream done
Event: 0,414 Loading class sun/nio/ch/NioSocketImpl$2
Event: 0,414 Loading class sun/nio/ch/NioSocketImpl$2 done
Event: 0,415 Loading class jdk/internal/event/SocketReadEvent
Event: 0,415 Loading class jdk/internal/event/SocketReadEvent done
Event: 0,419 Loading class jdk/internal/event/SocketWriteEvent
Event: 0,419 Loading class jdk/internal/event/SocketWriteEvent done

Classes unloaded (0 events):
No events

Classes redefined (0 events):
No events

Internal exceptions (6 events):
Event: 0,123 Thread 0x00007179a402a880 Exception <a 'java/lang/NoSuchMethodError'{0x00000000ab0a2300}: 'java.lang.Object java.lang.invoke.DirectMethodHandle$Holder.invokeStaticInit(java.lang.Object)'> (0x00000000ab0a2300) 
thrown [src/hotspot/share/interpreter/linkResolver.cpp, line 803]
Event: 0,130 Thread 0x00007179a402a880 Exception <a 'java/lang/NoSuchMethodError'{0x00000000ab0b0488}: 'java.lang.Object java.lang.invoke.DirectMethodHandle$Holder.invokeStatic(java.lang.Object, long, java.lang.Object)'> (0x00000000ab0b0488) 
thrown [src/hotspot/share/interpreter/linkResolver.cpp, line 803]
Event: 0,132 Thread 0x00007179a402a880 Exception <a 'java/lang/NoSuchMethodError'{0x00000000ab0b8328}: 'java.lang.Object java.lang.invoke.DirectMethodHandle$Holder.invokeStaticInit(java.lang.Object, long, java.lang.Object)'> (0x00000000ab0b8328) 
thrown [src/hotspot/share/interpreter/linkResolver.cpp, line 803]
Event: 0,134 Thread 0x00007179a402a880 Exception <a 'java/lang/NoSuchMethodError'{0x00000000ab0c7730}: 'java.lang.Object java.lang.invoke.DirectMethodHandle$Holder.newInvokeSpecial(java.lang.Object, long)'> (0x00000000ab0c7730) 
thrown [src/hotspot/share/interpreter/linkResolver.cpp, line 803]
Event: 0,137 Thread 0x0000717934001360 Exception <a 'java/lang/NoSuchMethodError'{0x00000000aae80ff8}: 'void java.lang.invoke.DirectMethodHandle$Holder.invokeStatic(java.lang.Object, java.lang.Object)'> (0x00000000aae80ff8) 
thrown [src/hotspot/share/interpreter/linkResolver.cpp, line 803]
Event: 0,137 Thread 0x00007179400018f0 Exception <a 'java/lang/NoSuchMethodError'{0x00000000aae04810}: 'void java.lang.invoke.DirectMethodHandle$Holder.invokeStatic(java.lang.Object, java.lang.Object)'> (0x00000000aae04810) 
thrown [src/hotspot/share/interpreter/linkResolver.cpp, line 803]

VM Operations (4 events):
Event: 60,094 Executing non-safepoint VM operation: HandshakeAllThreads (HandshakeForDeflation)
Event: 60,094 Executing non-safepoint VM operation: HandshakeAllThreads (HandshakeForDeflation) done
Event: 60,094 Executing non-safepoint VM operation: RendezvousGCThreads
Event: 60,094 Executing non-safepoint VM operation: RendezvousGCThreads done

Memory protections (19 events):
Event: 0,003 Protecting memory [0x00007179aa300000,0x00007179aa304000] with protection modes 0
Event: 0,015 Protecting memory [0x0000000030000000,0x0000000030001000] with protection modes 0
Event: 0,030 Protecting memory [0x00007179a8437000,0x00007179a843b000] with protection modes 0
Event: 0,030 Protecting memory [0x00007179a8118000,0x00007179a811c000] with protection modes 0
Event: 0,031 Protecting memory [0x00007179a8018000,0x00007179a801c000] with protection modes 0
Event: 0,031 Protecting memory [0x000071798ac58000,0x000071798ac5c000] with protection modes 0
Event: 0,031 Protecting memory [0x0000717988b00000,0x0000717988b04000] with protection modes 0
Event: 0,032 Protecting memory [0x0000717988100000,0x0000717988104000] with protection modes 0
Event: 0,032 Protecting memory [0x0000717988000000,0x0000717988004000] with protection modes 0
Event: 0,040 Protecting memory [0x000071794ff00000,0x000071794ff04000] with protection modes 0
Event: 0,043 Protecting memory [0x000071794fe00000,0x000071794fe04000] with protection modes 0
Event: 0,121 Protecting memory [0x000071794fd00000,0x000071794fd04000] with protection modes 0
Event: 0,121 Protecting memory [0x000071794fc00000,0x000071794fc04000] with protection modes 0
Event: 0,124 Protecting memory [0x000071794fb00000,0x000071794fb04000] with protection modes 0
Event: 0,124 Protecting memory [0x000071794fa00000,0x000071794fa04000] with protection modes 0
Event: 0,144 Protecting memory [0x00007179a3f7e000,0x00007179a3f82000] with protection modes 0
Event: 0,150 Protecting memory [0x00007179aa300000,0x00007179aa304000] with protection modes 0
Event: 0,414 Protecting memory [0x000071794fc00000,0x000071794fc04000] with protection modes 0
Event: 0,415 Protecting memory [0x000071794fd00000,0x000071794fd04000] with protection modes 0

Nmethod flushes (0 events):
No events

Events (20 events):
Event: 0,030 Thread 0x00007179a402a880 Thread added: 0x00007179a40fb900
Event: 0,030 Thread 0x00007179a402a880 Thread added: 0x00007179a40fcaf0
Event: 0,031 Thread 0x00007179a402a880 Thread added: 0x00007179a40fe540
Event: 0,031 Thread 0x00007179a402a880 Thread added: 0x00007179a40ffe60
Event: 0,031 Thread 0x00007179a402a880 Thread added: 0x00007179a41016e0
Event: 0,032 Thread 0x00007179a402a880 Thread added: 0x00007179a41034e0
Event: 0,032 Thread 0x00007179a402a880 Thread added: 0x00007179a4104ed0
Event: 0,040 Thread 0x00007179a402a880 Thread added: 0x00007179a4111b10
Event: 0,043 Thread 0x00007179a402a880 Thread added: 0x00007179a41141d0
Event: 0,121 Thread 0x00007179a402a880 Thread added: 0x00007179a413b120
Event: 0,121 Thread 0x00007179a402a880 Thread added: 0x00007179a413c300
Event: 0,124 Thread 0x00007179a413b120 Thread added: 0x00007179400018f0
Event: 0,124 Thread 0x00007179a413c300 Thread added: 0x0000717934001360
Event: 0,124 Thread 0x00007179a413b120 Thread exited: 0x00007179a413b120
Event: 0,124 Thread 0x00007179a413c300 Thread exited: 0x00007179a413c300
Event: 0,144 Thread 0x00007179a402a880 Thread added: 0x00007179a4142870
Event: 0,150 Thread 0x00007179a402a880 Thread exited: 0x00007179a402a880
Event: 0,150 Thread 0x00007179a402a880 Thread added: 0x00007179a402a880
Event: 0,414 Thread 0x00007179400018f0 Thread added: 0x0000717938006240
Event: 0,415 Thread 0x0000717934001360 Thread added: 0x000071792c004230


Dynamic libraries:
30000000-30001000 ---p 00000000 00:00 0 
30001000-30d8d000 rw-p 00001000 103:02 10630328                          /usr/lib/apache-netbeans/jdk/lib/server/classes.jsa
30d8d000-31000000 ---p 00000000 00:00 0 
31000000-31020000 rw-p 00000000 00:00 0 
31020000-31040000 ---p 00000000 00:00 0 
31040000-31050000 rw-p 00000000 00:00 0 
31050000-71000000 ---p 00000000 00:00 0 
a5600000-ab200000 rw-p 00000000 00:00 0 
ab200000-ffe00000 ---p 00000000 00:00 0 
ffe00000-fff22000 rw-p 00dc0000 103:02 10630328                          /usr/lib/apache-netbeans/jdk/lib/server/classes.jsa
fff22000-100000000 rw-p 00000000 00:00 0 
5b187c752000-5b187c753000 r--p 00000000 103:02 10630093                  /usr/lib/apache-netbeans/jdk/bin/java
5b187c753000-5b187c754000 r-xp 00001000 103:02 10630093                  /usr/lib/apache-netbeans/jdk/bin/java
5b187c754000-5b187c755000 r--p 00002000 103:02 10630093                  /usr/lib/apache-netbeans/jdk/bin/java
5b187c755000-5b187c756000 r--p 00002000 103:02 10630093                  /usr/lib/apache-netbeans/jdk/bin/java
5b187c756000-5b187c757000 rw-p 00003000 103:02 10630093                  /usr/lib/apache-netbeans/jdk/bin/java
5b189f263000-5b189f2ac000 rw-p 00000000 00:00 0                          [heap]
71792c000000-71792c021000 rw-p 00000000 00:00 0 
71792c021000-717930000000 ---p 00000000 00:00 0 
717930000000-717930021000 rw-p 00000000 00:00 0 
717930021000-717934000000 ---p 00000000 00:00 0 
717934000000-717934021000 rw-p 00000000 00:00 0 
717934021000-717938000000 ---p 00000000 00:00 0 
717938000000-717938021000 rw-p 00000000 00:00 0 
717938021000-71793c000000 ---p 00000000 00:00 0 
71793c000000-71793c021000 rw-p 00000000 00:00 0 
71793c021000-717940000000 ---p 00000000 00:00 0 
717940000000-717940021000 rw-p 00000000 00:00 0 
717940021000-717944000000 ---p 00000000 00:00 0 
717944000000-717944021000 rw-p 00000000 00:00 0 
717944021000-717948000000 ---p 00000000 00:00 0 
717948000000-717948057000 rw-p 00000000 00:00 0 
717948057000-71794c000000 ---p 00000000 00:00 0 
71794fa00000-71794fa04000 ---p 00000000 00:00 0 
71794fa04000-71794fb00000 rw-p 00000000 00:00 0 
71794fb00000-71794fb04000 ---p 00000000 00:00 0 
71794fb04000-71794fc00000 rw-p 00000000 00:00 0 
71794fc00000-71794fc04000 ---p 00000000 00:00 0 
71794fc04000-71794fd00000 rw-p 00000000 00:00 0 
71794fd00000-71794fd04000 ---p 00000000 00:00 0 
71794fd04000-71794fe00000 rw-p 00000000 00:00 0 
71794fe00000-71794fe04000 ---p 00000000 00:00 0 
71794fe04000-71794ff00000 rw-p 00000000 00:00 0 
71794ff00000-71794ff04000 ---p 00000000 00:00 0 
71794ff04000-717950000000 rw-p 00000000 00:00 0 
717950000000-717950021000 rw-p 00000000 00:00 0 
717950021000-717954000000 ---p 00000000 00:00 0 
717954000000-7179540b4000 rw-p 00000000 00:00 0 
7179540b4000-717958000000 ---p 00000000 00:00 0 
717958000000-717958021000 rw-p 00000000 00:00 0 
717958021000-71795c000000 ---p 00000000 00:00 0 
71795c000000-71795c021000 rw-p 00000000 00:00 0 
71795c021000-717960000000 ---p 00000000 00:00 0 
717960000000-717960120000 rw-p 00000000 00:00 0 
717960120000-717960400000 ---p 00000000 00:00 0 
717960400000-717960410000 rw-p 00000000 00:00 0 
717960410000-717964000000 ---p 00000000 00:00 0 
717964000000-717964021000 rw-p 00000000 00:00 0 
717964021000-717968000000 ---p 00000000 00:00 0 
717968000000-717968021000 rw-p 00000000 00:00 0 
717968021000-71796c000000 ---p 00000000 00:00 0 
71796c000000-71796c021000 rw-p 00000000 00:00 0 
71796c021000-717970000000 ---p 00000000 00:00 0 
717970000000-717970021000 rw-p 00000000 00:00 0 
717970021000-717974000000 ---p 00000000 00:00 0 
717974000000-717974021000 rw-p 00000000 00:00 0 
717974021000-717978000000 ---p 00000000 00:00 0 
717978000000-717978021000 rw-p 00000000 00:00 0 
717978021000-71797c000000 ---p 00000000 00:00 0 
71797c000000-71797c021000 rw-p 00000000 00:00 0 
71797c021000-717980000000 ---p 00000000 00:00 0 
717980000000-717980021000 rw-p 00000000 00:00 0 
717980021000-717984000000 ---p 00000000 00:00 0 
717984000000-717984021000 rw-p 00000000 00:00 0 
717984021000-717988004000 ---p 00000000 00:00 0 
717988004000-717988100000 rw-p 00000000 00:00 0 
717988100000-717988104000 ---p 00000000 00:00 0 
717988104000-717988200000 rw-p 00000000 00:00 0 
717988200000-717988a03000 r--p 00000000 103:02 8813897                   /usr/lib/locale/locale-archive
717988b00000-717988b04000 ---p 00000000 00:00 0 
717988b04000-717988c00000 rw-p 00000000 00:00 0 
717988c00000-71798ac00000 rw-p 00000000 00:00 0 
71798ac58000-71798ac5c000 ---p 00000000 00:00 0 
71798ac5c000-71798ad58000 rw-p 00000000 00:00 0 
71798ad58000-71798aec8000 rw-p 00000000 00:00 0 
71798aec8000-71798c3f8000 ---p 00000000 00:00 0 
71798c3f8000-71798c400000 rw-p 00000000 00:00 0 
71798c400000-71798c670000 rwxp 00000000 00:00 0 
71798c670000-717993937000 ---p 00000000 00:00 0 
717993937000-717993ba7000 rwxp 00000000 00:00 0 
717993ba7000-717993ec8000 ---p 00000000 00:00 0 
717993ec8000-717994138000 rwxp 00000000 00:00 0 
717994138000-71799b400000 ---p 00000000 00:00 0 
71799b400000-7179a3f22000 r--s 00000000 103:02 10630320                  /usr/lib/apache-netbeans/jdk/lib/modules
7179a3f7e000-7179a3f82000 ---p 00000000 00:00 0 
7179a3f82000-7179a3fa0000 rw-p 00000000 00:00 0 
7179a3fa0000-7179a3fa2000 r--p 00000000 103:02 10630319                  /usr/lib/apache-netbeans/jdk/lib/libzip.so
7179a3fa2000-7179a3fb4000 r-xp 00002000 103:02 10630319                  /usr/lib/apache-netbeans/jdk/lib/libzip.so
7179a3fb4000-7179a3fbc000 r--p 00014000 103:02 10630319                  /usr/lib/apache-netbeans/jdk/lib/libzip.so
7179a3fbc000-7179a3fbd000 r--p 0001b000 103:02 10630319                  /usr/lib/apache-netbeans/jdk/lib/libzip.so
7179a3fbd000-7179a3fbe000 rw-p 0001c000 103:02 10630319                  /usr/lib/apache-netbeans/jdk/lib/libzip.so
7179a3fbe000-7179a3fbf000 r--p 00000000 103:02 10630315                  /usr/lib/apache-netbeans/jdk/lib/libsimdsort.so
7179a3fbf000-7179a3ff8000 r-xp 00001000 103:02 10630315                  /usr/lib/apache-netbeans/jdk/lib/libsimdsort.so
7179a3ff8000-7179a3ffe000 r--p 0003a000 103:02 10630315                  /usr/lib/apache-netbeans/jdk/lib/libsimdsort.so
7179a3ffe000-7179a3fff000 r--p 0003f000 103:02 10630315                  /usr/lib/apache-netbeans/jdk/lib/libsimdsort.so
7179a3fff000-7179a4000000 rw-p 00040000 103:02 10630315                  /usr/lib/apache-netbeans/jdk/lib/libsimdsort.so
7179a4000000-7179a4153000 rw-p 00000000 00:00 0 
7179a4153000-7179a8000000 ---p 00000000 00:00 0 
7179a8018000-7179a801c000 ---p 00000000 00:00 0 
7179a801c000-7179a8118000 rw-p 00000000 00:00 0 
7179a8118000-7179a811c000 ---p 00000000 00:00 0 
7179a811c000-7179a8218000 rw-p 00000000 00:00 0 
7179a8218000-7179a8335000 rw-p 00000000 00:00 0 
7179a8335000-7179a8336000 ---p 00000000 00:00 0 
7179a8336000-7179a8436000 rw-p 00000000 00:00 0 
7179a8436000-7179a8437000 ---p 00000000 00:00 0 
7179a8437000-7179a843b000 ---p 00000000 00:00 0 
7179a843b000-7179a8537000 rw-p 00000000 00:00 0 
7179a8537000-7179a8538000 ---p 00000000 00:00 0 
7179a8538000-7179a8638000 rw-p 00000000 00:00 0 
7179a8643000-7179a864a000 r--s 00000000 103:02 8950978                   /usr/lib/x86_64-linux-gnu/gconv/gconv-modules.cache
7179a864a000-7179a866b000 r--p 00000000 103:02 10096115                  /usr/share/locale-langpack/es/LC_MESSAGES/libc.mo
7179a866b000-7179a866c000 ---p 00000000 00:00 0 
7179a866c000-7179a876c000 rw-p 00000000 00:00 0 
7179a876c000-7179a876d000 ---p 00000000 00:00 0 
7179a876d000-7179a886d000 rw-p 00000000 00:00 0 
7179a886d000-7179a9075000 rw-p 00000000 00:00 0 
7179a9075000-7179a9076000 ---p 00000000 00:00 0 
7179a9076000-7179a9176000 rw-p 00000000 00:00 0 
7179a9176000-7179a9177000 ---p 00000000 00:00 0 
7179a9177000-7179a9277000 rw-p 00000000 00:00 0 
7179a9277000-7179a9278000 ---p 00000000 00:00 0 
7179a9278000-7179a9378000 rw-p 00000000 00:00 0 
7179a9378000-7179a93a6000 rw-p 00000000 00:00 0 
7179a93a6000-7179a964c000 ---p 00000000 00:00 0 
7179a964c000-7179a967b000 rw-p 00000000 00:00 0 
7179a967b000-7179a9921000 ---p 00000000 00:00 0 
7179a9921000-7179aa12f000 rw-p 00000000 00:00 0 
7179aa12f000-7179aa215000 ---p 00000000 00:00 0 
7179aa215000-7179aa21a000 rw-p 00000000 00:00 0 
7179aa21a000-7179aa300000 ---p 00000000 00:00 0 
7179aa300000-7179aa304000 ---p 00000000 00:00 0 
7179aa304000-7179aa400000 rw-p 00000000 00:00 0 
7179aa400000-7179aa6e2000 r--p 00000000 103:02 10630333                  /usr/lib/apache-netbeans/jdk/lib/server/libjvm.so
7179aa6e2000-7179ab6e2000 r-xp 002e2000 103:02 10630333                  /usr/lib/apache-netbeans/jdk/lib/server/libjvm.so
7179ab6e2000-7179ab9f2000 r--p 012e2000 103:02 10630333                  /usr/lib/apache-netbeans/jdk/lib/server/libjvm.so
7179ab9f2000-7179abadd000 r--p 015f2000 103:02 10630333                  /usr/lib/apache-netbeans/jdk/lib/server/libjvm.so
7179abadd000-7179abb08000 rw-p 016dd000 103:02 10630333                  /usr/lib/apache-netbeans/jdk/lib/server/libjvm.so
7179abb08000-7179abb84000 rw-p 00000000 00:00 0 
7179abb86000-7179abb87000 r--p 00000000 103:02 10630287                  /usr/lib/apache-netbeans/jdk/lib/libextnet.so
7179abb87000-7179abb88000 r-xp 00001000 103:02 10630287                  /usr/lib/apache-netbeans/jdk/lib/libextnet.so
7179abb88000-7179abb89000 r--p 00002000 103:02 10630287                  /usr/lib/apache-netbeans/jdk/lib/libextnet.so
7179abb89000-7179abb8a000 r--p 00002000 103:02 10630287                  /usr/lib/apache-netbeans/jdk/lib/libextnet.so
7179abb8a000-7179abb8b000 rw-p 00003000 103:02 10630287                  /usr/lib/apache-netbeans/jdk/lib/libextnet.so
7179abb8b000-7179abb93000 r--p 00000000 103:02 10630310                  /usr/lib/apache-netbeans/jdk/lib/libnio.so
7179abb93000-7179abb9c000 r-xp 00008000 103:02 10630310                  /usr/lib/apache-netbeans/jdk/lib/libnio.so
7179abb9c000-7179abba0000 r--p 00011000 103:02 10630310                  /usr/lib/apache-netbeans/jdk/lib/libnio.so
7179abba0000-7179abba1000 r--p 00015000 103:02 10630310                  /usr/lib/apache-netbeans/jdk/lib/libnio.so
7179abba1000-7179abba2000 rw-p 00016000 103:02 10630310                  /usr/lib/apache-netbeans/jdk/lib/libnio.so
7179abba2000-7179abc00000 rw-p 00000000 00:00 0 
7179abc00000-7179abc28000 r--p 00000000 103:02 8783551                   /usr/lib/x86_64-linux-gnu/libc.so.6
7179abc28000-7179abdb0000 r-xp 00028000 103:02 8783551                   /usr/lib/x86_64-linux-gnu/libc.so.6
7179abdb0000-7179abdff000 r--p 001b0000 103:02 8783551                   /usr/lib/x86_64-linux-gnu/libc.so.6
7179abdff000-7179abe03000 r--p 001fe000 103:02 8783551                   /usr/lib/x86_64-linux-gnu/libc.so.6
7179abe03000-7179abe05000 rw-p 00202000 103:02 8783551                   /usr/lib/x86_64-linux-gnu/libc.so.6
7179abe05000-7179abe12000 rw-p 00000000 00:00 0 
7179abe15000-7179abe18000 r--p 00000000 103:02 10630309                  /usr/lib/apache-netbeans/jdk/lib/libnet.so
7179abe18000-7179abe20000 r-xp 00003000 103:02 10630309                  /usr/lib/apache-netbeans/jdk/lib/libnet.so
7179abe20000-7179abe22000 r--p 0000b000 103:02 10630309                  /usr/lib/apache-netbeans/jdk/lib/libnet.so
7179abe22000-7179abe23000 r--p 0000c000 103:02 10630309                  /usr/lib/apache-netbeans/jdk/lib/libnet.so
7179abe23000-7179abe24000 rw-p 0000d000 103:02 10630309                  /usr/lib/apache-netbeans/jdk/lib/libnet.so
7179abe24000-7179abe32000 r--p 00000000 103:02 10630295                  /usr/lib/apache-netbeans/jdk/lib/libjava.so
7179abe32000-7179abe40000 r-xp 0000e000 103:02 10630295                  /usr/lib/apache-netbeans/jdk/lib/libjava.so
7179abe40000-7179abe45000 r--p 0001c000 103:02 10630295                  /usr/lib/apache-netbeans/jdk/lib/libjava.so
7179abe45000-7179abe46000 r--p 00021000 103:02 10630295                  /usr/lib/apache-netbeans/jdk/lib/libjava.so
7179abe46000-7179abe47000 rw-p 00022000 103:02 10630295                  /usr/lib/apache-netbeans/jdk/lib/libjava.so
7179abe47000-7179abe48000 rw-p 00000000 00:00 0 
7179abe48000-7179abe4c000 r--p 00000000 103:02 10630299                  /usr/lib/apache-netbeans/jdk/lib/libjimage.so
7179abe4c000-7179abe64000 r-xp 00004000 103:02 10630299                  /usr/lib/apache-netbeans/jdk/lib/libjimage.so
7179abe64000-7179abe6a000 r--p 0001c000 103:02 10630299                  /usr/lib/apache-netbeans/jdk/lib/libjimage.so
7179abe6a000-7179abe6c000 r--p 00021000 103:02 10630299                  /usr/lib/apache-netbeans/jdk/lib/libjimage.so
7179abe6c000-7179abe6d000 rw-p 00023000 103:02 10630299                  /usr/lib/apache-netbeans/jdk/lib/libjimage.so
7179abe6d000-7179abe7d000 r--p 00000000 103:02 8783556                   /usr/lib/x86_64-linux-gnu/libm.so.6
7179abe7d000-7179abefc000 r-xp 00010000 103:02 8783556                   /usr/lib/x86_64-linux-gnu/libm.so.6
7179abefc000-7179abf54000 r--p 0008f000 103:02 8783556                   /usr/lib/x86_64-linux-gnu/libm.so.6
7179abf54000-7179abf55000 r--p 000e7000 103:02 8783556                   /usr/lib/x86_64-linux-gnu/libm.so.6
7179abf55000-7179abf56000 rw-p 000e8000 103:02 8783556                   /usr/lib/x86_64-linux-gnu/libm.so.6
7179abf56000-7179abf57000 r--p 00000000 103:02 8783583                   /usr/lib/x86_64-linux-gnu/librt.so.1
7179abf57000-7179abf58000 r-xp 00001000 103:02 8783583                   /usr/lib/x86_64-linux-gnu/librt.so.1
7179abf58000-7179abf59000 r--p 00002000 103:02 8783583                   /usr/lib/x86_64-linux-gnu/librt.so.1
7179abf59000-7179abf5a000 r--p 00002000 103:02 8783583                   /usr/lib/x86_64-linux-gnu/librt.so.1
7179abf5a000-7179abf5b000 rw-p 00003000 103:02 8783583                   /usr/lib/x86_64-linux-gnu/librt.so.1
7179abf5b000-7179abf5d000 rw-p 00000000 00:00 0 
7179abf5d000-7179abf5e000 r--p 00000000 103:02 8783581                   /usr/lib/x86_64-linux-gnu/libpthread.so.0
7179abf5e000-7179abf5f000 r-xp 00001000 103:02 8783581                   /usr/lib/x86_64-linux-gnu/libpthread.so.0
7179abf5f000-7179abf60000 r--p 00002000 103:02 8783581                   /usr/lib/x86_64-linux-gnu/libpthread.so.0
7179abf60000-7179abf61000 r--p 00002000 103:02 8783581                   /usr/lib/x86_64-linux-gnu/libpthread.so.0
7179abf61000-7179abf62000 rw-p 00003000 103:02 8783581                   /usr/lib/x86_64-linux-gnu/libpthread.so.0
7179abf62000-7179abf63000 r--p 00000000 103:02 8783555                   /usr/lib/x86_64-linux-gnu/libdl.so.2
7179abf63000-7179abf64000 r-xp 00001000 103:02 8783555                   /usr/lib/x86_64-linux-gnu/libdl.so.2
7179abf64000-7179abf65000 r--p 00002000 103:02 8783555                   /usr/lib/x86_64-linux-gnu/libdl.so.2
7179abf65000-7179abf66000 r--p 00002000 103:02 8783555                   /usr/lib/x86_64-linux-gnu/libdl.so.2
7179abf66000-7179abf67000 rw-p 00003000 103:02 8783555                   /usr/lib/x86_64-linux-gnu/libdl.so.2
7179abf67000-7179abf6c000 rw-p 00000000 00:00 0 
7179abf6c000-7179abf73000 ---p 00000000 00:00 0 
7179abf73000-7179abf7b000 rw-s 00000000 103:02 10355600                  /tmp/hsperfdata_emilia/27209
7179abf7b000-7179abf7c000 ---p 00000000 00:00 0 
7179abf7c000-7179abf7d000 r--p 00000000 00:00 0 
7179abf7d000-7179abf7e000 ---p 00000000 00:00 0 
7179abf7e000-7179abf81000 r--p 00000000 103:02 10630300                  /usr/lib/apache-netbeans/jdk/lib/libjli.so
7179abf81000-7179abf92000 r-xp 00003000 103:02 10630300                  /usr/lib/apache-netbeans/jdk/lib/libjli.so
7179abf92000-7179abf99000 r--p 00014000 103:02 10630300                  /usr/lib/apache-netbeans/jdk/lib/libjli.so
7179abf99000-7179abf9a000 r--p 0001a000 103:02 10630300                  /usr/lib/apache-netbeans/jdk/lib/libjli.so
7179abf9a000-7179abf9b000 rw-p 0001b000 103:02 10630300                  /usr/lib/apache-netbeans/jdk/lib/libjli.so
7179abf9b000-7179abf9d000 rw-p 00000000 00:00 0 
7179abf9d000-7179abfa1000 r--p 00000000 00:00 0                          [vvar]
7179abfa1000-7179abfa3000 r--p 00000000 00:00 0                          [vvar_vclock]
7179abfa3000-7179abfa5000 r-xp 00000000 00:00 0                          [vdso]
7179abfa5000-7179abfa6000 r--p 00000000 103:02 8783349                   /usr/lib/x86_64-linux-gnu/ld-linux-x86-64.so.2
7179abfa6000-7179abfd1000 r-xp 00001000 103:02 8783349                   /usr/lib/x86_64-linux-gnu/ld-linux-x86-64.so.2
7179abfd1000-7179abfdb000 r--p 0002c000 103:02 8783349                   /usr/lib/x86_64-linux-gnu/ld-linux-x86-64.so.2
7179abfdb000-7179abfdd000 r--p 00036000 103:02 8783349                   /usr/lib/x86_64-linux-gnu/ld-linux-x86-64.so.2
7179abfdd000-7179abfdf000 rw-p 00038000 103:02 8783349                   /usr/lib/x86_64-linux-gnu/ld-linux-x86-64.so.2
7ffe04877000-7ffe04898000 rw-p 00000000 00:00 0                          [stack]
ffffffffff600000-ffffffffff601000 --xp 00000000 00:00 0                  [vsyscall]
Total number of mappings: 225

JVMTI agents: none


VM Arguments:
java_command: main.Main
java_class_path (initial): /home/emilia/Escritorio/Emilia/Facultad/Sistema-de-gesti-n-digital-de-filas/SistemaGFServidor/target/classes:/home/emilia/.m2/repository/org/netbeans/external/AbsoluteLayout/RELEASE290/AbsoluteLayout-RELEASE290.jar
Launcher Type: SUN_STANDARD

[Global flags]
     intx CICompilerCount                          = 4                                         {product} {ergonomic}
     uint ConcGCThreads                            = 2                                         {product} {ergonomic}
     uint G1ConcRefinementThreads                  = 8                                         {product} {ergonomic}
   size_t G1HeapRegionSize                         = 1048576                                   {product} {ergonomic}
   size_t InitialHeapSize                          = 96468992                                  {product} {ergonomic}
   size_t MarkStackSize                            = 4194304                                   {product} {ergonomic}
   size_t MarkStackSizeMax                         = 536870912                                 {product} {ergonomic}
   size_t MaxHeapSize                              = 1520435200                                {product} {ergonomic}
   size_t MaxNewSize                               = 912261120                                 {product} {ergonomic}
   size_t MinHeapDeltaBytes                        = 1048576                                   {product} {ergonomic}
   size_t MinHeapSize                              = 8388608                                   {product} {ergonomic}
    uintx NonNMethodCodeHeapSize                   = 5836800                                {pd product} {ergonomic}
    uintx NonProfiledCodeHeapSize                  = 122912768                              {pd product} {ergonomic}
    uintx ProfiledCodeHeapSize                     = 122908672                              {pd product} {ergonomic}
    uintx ReservedCodeCacheSize                    = 251658240                              {pd product} {ergonomic}
     bool SegmentedCodeCache                       = true                                      {product} {ergonomic}
   size_t SoftMaxHeapSize                          = 1520435200                             {manageable} {ergonomic}
     bool UseCompressedOops                        = true                           {product lp64_product} {ergonomic}
     bool UseG1GC                                  = true                                      {product} {ergonomic}

Logging:
Log output configuration:
 #0: stdout all=warning uptime,level,tags foldmultilines=false
 #1: stderr all=off uptime,level,tags foldmultilines=false

Release file:
IMPLEMENTOR="Eclipse Adoptium"
IMPLEMENTOR_VERSION="Temurin-25.0.2+10"
JAVA_RUNTIME_VERSION="25.0.2+10-LTS"
JAVA_VERSION="25.0.2"
JAVA_VERSION_DATE="2026-01-20"
LIBC="gnu"
MODULES="java.base java.compiler java.datatransfer java.xml java.prefs java.desktop java.instrument java.logging java.management java.security.sasl java.naming java.rmi java.management.rmi java.net.http java.scripting java.security.jgss java.transaction.xa java.sql java.sql.rowset java.xml.crypto java.se java.smartcardio jdk.accessibility jdk.internal.jvmstat jdk.attach jdk.charsets jdk.internal.opt jdk.zipfs jdk.compiler jdk.crypto.cryptoki jdk.crypto.ec jdk.dynalink jdk.internal.ed jdk.editpad jdk.internal.vm.ci jdk.graal.compiler jdk.graal.compiler.management jdk.hotspot.agent jdk.httpserver jdk.incubator.vector jdk.internal.le jdk.internal.md jdk.jartool jdk.javadoc jdk.jcmd jdk.management jdk.management.agent jdk.jconsole jdk.jdeps jdk.jdwp.agent jdk.jdi jdk.jfr jdk.jlink jdk.jpackage jdk.jshell jdk.jsobject jdk.jstatd jdk.localedata jdk.management.jfr jdk.naming.dns jdk.naming.rmi jdk.net jdk.nio.mapmode jdk.sctp jdk.security.auth jdk.security.jgss jdk.unsupported jdk.unsupported.desktop jdk.xml.dom"
OS_ARCH="x86_64"
OS_NAME="Linux"
SOURCE=".:git:9e3c947043a4"
BUILD_SOURCE="git:458965074606f027bd5afce2cfd5c1055dea0438"
BUILD_SOURCE_REPO="https://github.com/adoptium/temurin-build.git"
SOURCE_REPO="https://github.com/adoptium/jdk25u.git"
FULL_VERSION="25.0.2+10-LTS"
SEMANTIC_VERSION="25.0.2+10"
BUILD_INFO="OS: Linux Version: 6.8.0-1044-azure"
JVM_VARIANT="Hotspot"
JVM_VERSION="25.0.2+10-LTS"
IMAGE_TYPE="JDK"

Environment Variables:
JAVA_HOME=/usr/lib/apache-netbeans/jdk
PATH=/home/emilia/.local/bin:/usr/local/sbin:/usr/local/bin:/usr/sbin:/usr/bin:/sbin:/bin:/usr/games:/usr/local/games:/snap/bin:/usr/lib/apache-netbeans/bin
SHELL=/bin/bash
DISPLAY=:0
LANG=es_AR.UTF-8

Active Locale:
LC_ALL=es_AR.UTF-8
LC_COLLATE=es_AR.UTF-8
LC_CTYPE=es_AR.UTF-8
LC_MESSAGES=es_AR.UTF-8
LC_MONETARY=es_AR.UTF-8
LC_NUMERIC=es_AR.UTF-8
LC_TIME=es_AR.UTF-8

Signal Handlers:
   SIGSEGV: crash_handler in libjvm.so, mask=11100100010111111101111111111110, flags=SA_RESTART|SA_SIGINFO, unblocked
    SIGBUS: crash_handler in libjvm.so, mask=11100100010111111101111111111110, flags=SA_RESTART|SA_SIGINFO, unblocked
    SIGFPE: crash_handler in libjvm.so, mask=11100100010111111101111111111110, flags=SA_RESTART|SA_SIGINFO, unblocked
   SIGPIPE: javaSignalHandler in libjvm.so, mask=11100100010111111101111111111110, flags=SA_RESTART|SA_SIGINFO, blocked
   SIGXFSZ: javaSignalHandler in libjvm.so, mask=11100100010111111101111111111110, flags=SA_RESTART|SA_SIGINFO, blocked
    SIGILL: crash_handler in libjvm.so, mask=11100100010111111101111111111110, flags=SA_RESTART|SA_SIGINFO, unblocked
   SIGUSR2: SR_handler in libjvm.so, mask=00000000000000000000000000000000, flags=SA_RESTART|SA_SIGINFO, blocked
    SIGHUP: UserHandler in libjvm.so, mask=11100100010111111101111111111110, flags=SA_RESTART|SA_SIGINFO, blocked
    SIGINT: SIG_IGN, mask=00000000000000000000000000000000, flags=none, blocked
   SIGTERM: UserHandler in libjvm.so, mask=11100100010111111101111111111110, flags=SA_RESTART|SA_SIGINFO, blocked
   SIGQUIT: UserHandler in libjvm.so, mask=11100100010111111101111111111110, flags=SA_RESTART|SA_SIGINFO, blocked
   SIGTRAP: crash_handler in libjvm.so, mask=11100100010111111101111111111110, flags=SA_RESTART|SA_SIGINFO, unblocked


Compilation memory statistics disabled.

Periodic native trim disabled

---------------  S Y S T E M  ---------------

OS:
DISTRIB_ID=LinuxMint
DISTRIB_RELEASE=22.3
DISTRIB_CODENAME=zena
DISTRIB_DESCRIPTION="Linux Mint 22.3 Zena"
uname: Linux 6.17.0-29-generic #29~24.04.1-Ubuntu SMP PREEMPT_DYNAMIC Mon May 11 10:30:58 UTC 2 x86_64
OS uptime: 0 days 1:00 hours
libc: glibc 2.39 NPTL 2.39 
rlimit (soft/hard): STACK 8192k/infinity , CORE 0k/infinity , NPROC 22509/22509 , NOFILE 1048576/1048576 , AS infinity/infinity , CPU infinity/infinity , DATA infinity/infinity , FSIZE infinity/infinity , MEMLOCK 742200k/742200k
load average: 0,73 0,68 0,47

/proc/meminfo:
MemTotal:        5937620 kB
MemFree:          233588 kB
MemAvailable:    2774788 kB
Buffers:          118156 kB
Cached:          2590280 kB
SwapCached:            8 kB
Active:          1989428 kB
Inactive:        3035848 kB
Active(anon):    1438312 kB
Inactive(anon):   920620 kB
Active(file):     551116 kB
Inactive(file):  2115228 kB
Unevictable:          80 kB
Mlocked:              80 kB
SwapTotal:       2097148 kB
SwapFree:        2097140 kB
Zswap:                 0 kB
Zswapped:              0 kB
Dirty:              1480 kB
Writeback:             0 kB
AnonPages:       2316952 kB
Mapped:           602824 kB
Shmem:             42052 kB
KReclaimable:     172292 kB
Slab:             329936 kB
SReclaimable:     172292 kB
SUnreclaim:       157644 kB
KernelStack:       15520 kB
PageTables:        36008 kB
SecPageTables:      2956 kB
NFS_Unstable:          0 kB
Bounce:                0 kB
WritebackTmp:          0 kB
CommitLimit:     5065956 kB
Committed_AS:   11672268 kB
VmallocTotal:   34359738367 kB
VmallocUsed:       72868 kB
VmallocChunk:          0 kB
Percpu:             5920 kB
HardwareCorrupted:     0 kB
AnonHugePages:         0 kB
ShmemHugePages:        0 kB
ShmemPmdMapped:        0 kB
FileHugePages:     45056 kB
FilePmdMapped:         0 kB
CmaTotal:              0 kB
CmaFree:               0 kB
Unaccepted:            0 kB
Balloon:               0 kB
HugePages_Total:       0
HugePages_Free:        0
HugePages_Rsvd:        0
HugePages_Surp:        0
Hugepagesize:       2048 kB
Hugetlb:               0 kB
DirectMap4k:      383632 kB
DirectMap2M:     5781504 kB
DirectMap1G:           0 kB

/sys/kernel/mm/transparent_hugepage/enabled: always [madvise] never
/sys/kernel/mm/transparent_hugepage/hpage_pmd_size: 2097152
/sys/kernel/mm/transparent_hugepage/shmem_enabled: always within_size advise [never] deny force
/sys/kernel/mm/transparent_hugepage/defrag (defrag/compaction efforts parameter): always defer defer+madvise [madvise] never

Process Memory:
Virtual Size: 4590840K (peak: 4590840K)
Resident Set Size: 51272K (peak: 51272K) (anon: 25820K, file: 25452K, shmem: 0K)
Swapped out: 0K
C-Heap outstanding allocations: 24508K, retained: 3063K
glibc malloc tunables: (default)

/proc/sys/kernel/threads-max (system-wide limit on the number of threads): 45019
/proc/sys/vm/max_map_count (maximum number of memory map areas a process may have): 1048576
/proc/sys/vm/swappiness (control to define how aggressively the kernel swaps out anonymous memory): 60
/proc/sys/kernel/pid_max (system-wide limit on number of process identifiers): 4194304

container information not found.
Steal ticks since vm start: 0
Steal ticks percentage since vm start:  0,000

CPU: total 8 (initial active 8) (8 cores per cpu, 2 threads per core) family 23 model 24 stepping 1 microcode 0x8108109, cx8, cmov, fxsr, ht, mmx, 3dnowpref, sse, sse2, sse3, ssse3, sse4a, sse4.1, sse4.2, popcnt, lzcnt, tsc, tscinvbit, avx, avx2, aes, clmul, bmi1, bmi2, adx, sha, fma, vzeroupper, clflush, clflushopt, rdtscp, f16c
CPU Model and flags from /proc/cpuinfo:
model name	: AMD Ryzen 5 3500U with Radeon Vega Mobile Gfx
flags		: fpu vme de pse tsc msr pae mce cx8 apic sep mtrr pge mca cmov pat pse36 clflush mmx fxsr sse sse2 ht syscall nx mmxext fxsr_opt pdpe1gb rdtscp lm constant_tsc rep_good nopl nonstop_tsc cpuid extd_apicid aperfmperf rapl pni pclmulqdq monitor ssse3 fma cx16 sse4_1 sse4_2 movbe popcnt aes xsave avx f16c rdrand lahf_lm cmp_legacy svm extapic cr8_legacy abm sse4a misalignsse 3dnowprefetch osvw skinit wdt tce topoext perfctr_core perfctr_nb bpext perfctr_llc mwaitx cpb hw_pstate ssbd ibpb vmmcall fsgsbase bmi1 avx2 smep bmi2 rdseed adx smap clflushopt sha_ni xsaveopt xsavec xgetbv1 clzero xsaveerptr arat npt lbrv svm_lock nrip_save tsc_scale vmcb_clean flushbyasid decodeassists pausefilter pfthreshold avic v_vmsave_vmload vgif overflow_recov succor smca sev sev_es

Online cpus: 0-7
Offline cpus: 
BIOS frequency limitation: 2100000
Frequency switch latency (ns): 0
Available cpu frequencies: 2100000 1700000 1400000 
Current governor: schedutil
Core performance/turbo boost: 1

Memory: 4k page, physical 5937620k(2774788k free), swap 2097148k(2097140k free)
Page Sizes: 4k

vm_info: OpenJDK 64-Bit Server VM (25.0.2+10-LTS) for linux-amd64 JRE (25.0.2+10-LTS), built on 2026-01-20T00:00:00Z with gcc 14.2.0

END.
